\BOOKMARK [1][-]{section.1}{\376\377\000I\000n\000t\000r\000o\000d\000u\000\347\000\343\000o}{}% 1
\BOOKMARK [2][-]{subsection.1.1}{\376\377\000C\000o\000n\000t\000e\000x\000t\000u\000a\000l\000i\000z\000a\000\347\000\343\000o}{section.1}% 2
\BOOKMARK [2][-]{subsection.1.2}{\376\377\000J\000u\000s\000t\000i\000f\000i\000c\000a\000t\000i\000v\000a}{section.1}% 3
\BOOKMARK [2][-]{subsection.1.3}{\376\377\000O\000b\000j\000e\000t\000i\000v\000o\000s}{section.1}% 4
\BOOKMARK [3][-]{subsubsection.1.3.1}{\376\377\000O\000b\000j\000e\000t\000i\000v\000o\000\040\000G\000e\000r\000a\000l}{subsection.1.3}% 5
\BOOKMARK [3][-]{subsubsection.1.3.2}{\376\377\000O\000b\000j\000e\000t\000i\000v\000o\000s\000\040\000E\000s\000p\000e\000c\000\355\000f\000i\000c\000o\000s}{subsection.1.3}% 6
\BOOKMARK [2][-]{subsection.1.4}{\376\377\000E\000s\000t\000r\000u\000t\000u\000r\000a\000\040\000d\000o\000\040\000T\000r\000a\000b\000a\000l\000h\000o}{section.1}% 7
\BOOKMARK [1][-]{section.2}{\376\377\000C\000o\000n\000c\000e\000i\000t\000o\000s\000\040\000e\000\040\000T\000e\000c\000n\000o\000l\000o\000g\000i\000a\000s\000\040\000U\000t\000i\000l\000i\000z\000a\000d\000a\000s}{}% 8
\BOOKMARK [2][-]{subsection.2.1}{\376\377\000S\000i\000s\000t\000e\000m\000a\000\040\000S\000C\000A\000D\000A}{section.2}% 9
\BOOKMARK [3][-]{subsubsection.2.1.1}{\376\377\000A\000q\000u\000i\000s\000i\000\347\000\343\000o\000\040\000e\000\040\000R\000e\000g\000i\000s\000t\000r\000o\000\040\000d\000e\000\040\000D\000a\000d\000o\000s}{subsection.2.1}% 10
\BOOKMARK [3][-]{subsubsection.2.1.2}{\376\377\000S\000i\000n\000c\000r\000o\000n\000i\000s\000m\000o\000\040\000d\000e\000\040\000T\000e\000m\000p\000o}{subsection.2.1}% 11
\BOOKMARK [3][-]{subsubsection.2.1.3}{\376\377\000N\000\355\000v\000e\000i\000s\000\040\000d\000e\000\040\000O\000p\000e\000r\000a\000\347\000\343\000o}{subsection.2.1}% 12
\BOOKMARK [3][-]{subsubsection.2.1.4}{\376\377\000C\000o\000m\000a\000n\000d\000o\000\040\000e\000\040\000C\000o\000n\000t\000r\000o\000l\000e}{subsection.2.1}% 13
\BOOKMARK [3][-]{subsubsection.2.1.5}{\376\377\000E\000s\000c\000a\000l\000a\000b\000i\000l\000i\000d\000a\000d\000e}{subsection.2.1}% 14
\BOOKMARK [3][-]{subsubsection.2.1.6}{\376\377\000R\000e\000d\000u\000n\000d\000\342\000n\000c\000i\000a}{subsection.2.1}% 15
\BOOKMARK [2][-]{subsection.2.2}{\376\377\000F\000u\000n\000c\000i\000o\000n\000a\000m\000e\000n\000t\000o}{section.2}% 16
\BOOKMARK [3][-]{subsubsection.2.2.1}{\376\377\000A\000q\000u\000i\000s\000i\000\347\000\343\000o\000\040\000d\000e\000\040\000D\000a\000d\000o\000s}{subsection.2.2}% 17
\BOOKMARK [3][-]{subsubsection.2.2.2}{\376\377\000P\000r\000o\000t\000o\000c\000o\000l\000o\000\040\000M\000o\000d\000b\000u\000s\000\040\000T\000C\000P\000\040\000e\000\040\000M\000o\000d\000b\000u\000s\000\040\000R\000T\000U}{subsection.2.2}% 18
\BOOKMARK [3][-]{subsubsection.2.2.3}{\376\377\000M\000o\000d\000e\000l\000a\000g\000e\000m\000,\000\040\000s\000e\000r\000v\000i\000\347\000o\000\040\000d\000e\000\040\000l\000e\000i\000t\000u\000r\000a\000\040\000e\000\040\000a\000g\000e\000n\000d\000a\000m\000e\000n\000t\000o}{subsection.2.2}% 19
\BOOKMARK [1][-]{section.3}{\376\377\000C\000o\000n\000c\000l\000u\000s\000\343\000o}{}% 20
\BOOKMARK [2][-]{subsection.3.1}{\376\377\000s\000u\000b\000C\000a\000p\000\040\0001}{section.3}% 21
